✅ Local build written to dist/
[16:54:02.886] [31mERROR[39m (20312): [36mError listening on port[39m
    err: {
      "type": "Error",
      "message": "listen EADDRINUSE: address already in use :::8080",
      "stack":
          Error: listen EADDRINUSE: address already in use :::8080
              at Server.setupListenHandle [as _listen2] (node:net:2167:16)
              at listenInCluster (node:net:2224:12)
              at Server.listen (node:net:2344:7)
              at app2.listen (C:\Projects\Meditiya_Sathi-main\node_modules\.pnpm\express@5.2.1\node_modules\express\lib\application.js:605:24)
              at <anonymous> (C:\Projects\Meditiya_Sathi-main\artifacts\api-server\src\index.ts:26:9)
              at <anonymous>
              at process.processTicksAndRejections (node:internal/process/task_queues:104:5)
      "code": "EADDRINUSE",
      "errno": -4091,
      "syscall": "listen",
      "address": "::",
      "port": 8080
    }
[ELIFECYCLE] Command failed with exit code 1.
C:\Projects\Meditiya_Sathi-main\artifacts\api-server:
[ERR_PNPM_RECURSIVE_RUN_FIRST_FAIL] @workspace/api-server@0.0.0 dev: `pnpm run build && pnpm run start`
Exit status 1
